// Jest Snapshot v1, https://goo.gl/fbAQLP

exports[`ScaleLine matches snapshot 1`] = `
<div
  className="tm-scale-line"
/>
`;
