// Jest Snapshot v1, https://goo.gl/fbAQLP

exports[`MenuItem should match snapshot. 1`] = `
Array [
  <div
    className="tm-menu-item-title"
  >
    Test2
  </div>,
  <div
    className="tm-menu-item"
  >
    <div>
      test
    </div>
  </div>,
]
`;
