// Jest Snapshot v1, https://goo.gl/fbAQLP

exports[`FollowButton should match snapshot. 1`] = `
<div
  aria-label="Follow up"
  className="rt-follow-button rt-inactive"
  onClick={[Function]}
  onKeyPress={[Function]}
  role="button"
  tabIndex={0}
  title="Follow up"
>
  <svg
    fill="currentColor"
    height="1em"
    stroke="currentColor"
    strokeWidth="0"
    style={
      Object {
        "color": undefined,
      }
    }
    viewBox="0 0 24 24"
    width="1em"
    xmlns="http://www.w3.org/2000/svg"
  >
    <path
      d="M12 2L4.5 20.29l.71.71L12 18l6.79 3 .71-.71z"
    />
  </svg>
</div>
`;
