// Jest Snapshot v1, https://goo.gl/fbAQLP

exports[`ActionLink when no properties are set matches snapshot 1`] = `
<a
  href="#"
  onClick={[Function]}
/>
`;

exports[`ActionLink when properties are set matches snapshot 1`] = `
<a
  aria-label={
    Array [
      "bar",
    ]
  }
  className={
    Array [
      "qux",
    ]
  }
  href="#"
  onClick={[Function]}
  title={
    Array [
      "bar",
    ]
  }
>
  foo
</a>
`;
