// Jest Snapshot v1, https://goo.gl/fbAQLP

exports[`FollowButton should match snapshot. 1`] = `
<div
  aria-label="Filter up"
  className="rt-filter-button rt-inactive"
  onClick={[Function]}
  onKeyPress={[Function]}
  role="button"
  tabIndex={0}
  title="Filter up"
>
  <svg
    fill="currentColor"
    height="1em"
    stroke="currentColor"
    strokeWidth="0"
    style={
      Object {
        "color": undefined,
      }
    }
    viewBox="0 0 24 24"
    width="1em"
    xmlns="http://www.w3.org/2000/svg"
  >
    <path
      d="M10 18h4v-2h-4v2zM3 6v2h18V6H3zm3 7h12v-2H6v2z"
    />
  </svg>
</div>
`;
