// Jest Snapshot v1, https://goo.gl/fbAQLP

exports[`Tab should match snapshot. 1`] = `
<li
  className="tm-tab"
>
  <div
    aria-label="Tab 1"
    className="tm-button"
    onClick={[Function]}
    onKeyPress={[Function]}
    role="button"
    tabIndex={0}
    title="Tab 1"
  >
    Tab 1
  </div>
</li>
`;
