// Jest Snapshot v1, https://goo.gl/fbAQLP

exports[`Zoom should match snapshot with custom attributes 1`] = `
<div
  className="foo"
  tabIndex={-1}
  title="bar"
>
  <button
    className="rs-zoom-in"
    disabled={false}
    onClick={[Function]}
    onKeyPress={[Function]}
    tabIndex={0}
    title="Zoom in"
    type="button"
  >
    <svg
      fill="currentColor"
      focusable={false}
      height="1em"
      stroke="currentColor"
      strokeWidth="0"
      style={
        Object {
          "color": undefined,
        }
      }
      viewBox="0 0 448 512"
      width="1em"
      xmlns="http://www.w3.org/2000/svg"
    >
      <path
        d="M416 208H272V64c0-17.67-14.33-32-32-32h-32c-17.67 0-32 14.33-32 32v144H32c-17.67 0-32 14.33-32 32v32c0 17.67 14.33 32 32 32h144v144c0 17.67 14.33 32 32 32h32c17.67 0 32-14.33 32-32V304h144c17.67 0 32-14.33 32-32v-32c0-17.67-14.33-32-32-32z"
      />
    </svg>
  </button>
  <button
    className="rs-zoom-out"
    disabled={false}
    onClick={[Function]}
    onKeyPress={[Function]}
    tabIndex={0}
    title="Zoom out"
    type="button"
  >
    <svg
      fill="currentColor"
      focusable={false}
      height="1em"
      stroke="currentColor"
      strokeWidth="0"
      style={
        Object {
          "color": undefined,
        }
      }
      viewBox="0 0 448 512"
      width="1em"
      xmlns="http://www.w3.org/2000/svg"
    >
      <path
        d="M416 208H32c-17.67 0-32 14.33-32 32v32c0 17.67 14.33 32 32 32h384c17.67 0 32-14.33 32-32v-32c0-17.67-14.33-32-32-32z"
      />
    </svg>
  </button>
</div>
`;

exports[`Zoom should match snapshot with zoom slider 1`] = `
<div
  className="rs-zooms-bar"
>
  <button
    className="rs-zoom-in"
    disabled={false}
    onClick={[Function]}
    onKeyPress={[Function]}
    tabIndex={0}
    title="Zoom in"
    type="button"
  >
    <svg
      fill="currentColor"
      focusable={false}
      height="1em"
      stroke="currentColor"
      strokeWidth="0"
      style={
        Object {
          "color": undefined,
        }
      }
      viewBox="0 0 448 512"
      width="1em"
      xmlns="http://www.w3.org/2000/svg"
    >
      <path
        d="M416 208H272V64c0-17.67-14.33-32-32-32h-32c-17.67 0-32 14.33-32 32v144H32c-17.67 0-32 14.33-32 32v32c0 17.67 14.33 32 32 32h144v144c0 17.67 14.33 32 32 32h32c17.67 0 32-14.33 32-32V304h144c17.67 0 32-14.33 32-32v-32c0-17.67-14.33-32-32-32z"
      />
    </svg>
  </button>
  <div
    className="rs-zoomslider-wrapper"
  />
  <button
    className="rs-zoom-out"
    disabled={false}
    onClick={[Function]}
    onKeyPress={[Function]}
    tabIndex={0}
    title="Zoom out"
    type="button"
  >
    <svg
      fill="currentColor"
      focusable={false}
      height="1em"
      stroke="currentColor"
      strokeWidth="0"
      style={
        Object {
          "color": undefined,
        }
      }
      viewBox="0 0 448 512"
      width="1em"
      xmlns="http://www.w3.org/2000/svg"
    >
      <path
        d="M416 208H32c-17.67 0-32 14.33-32 32v32c0 17.67 14.33 32 32 32h384c17.67 0 32-14.33 32-32v-32c0-17.67-14.33-32-32-32z"
      />
    </svg>
  </button>
</div>
`;

exports[`Zoom should match snapshot. 1`] = `
<div
  className="rs-zooms-bar"
>
  <button
    className="rs-zoom-in"
    disabled={false}
    onClick={[Function]}
    onKeyPress={[Function]}
    tabIndex={0}
    title="Zoom in"
    type="button"
  >
    <svg
      fill="currentColor"
      focusable={false}
      height="1em"
      stroke="currentColor"
      strokeWidth="0"
      style={
        Object {
          "color": undefined,
        }
      }
      viewBox="0 0 448 512"
      width="1em"
      xmlns="http://www.w3.org/2000/svg"
    >
      <path
        d="M416 208H272V64c0-17.67-14.33-32-32-32h-32c-17.67 0-32 14.33-32 32v144H32c-17.67 0-32 14.33-32 32v32c0 17.67 14.33 32 32 32h144v144c0 17.67 14.33 32 32 32h32c17.67 0 32-14.33 32-32V304h144c17.67 0 32-14.33 32-32v-32c0-17.67-14.33-32-32-32z"
      />
    </svg>
  </button>
  <button
    className="rs-zoom-out"
    disabled={false}
    onClick={[Function]}
    onKeyPress={[Function]}
    tabIndex={0}
    title="Zoom out"
    type="button"
  >
    <svg
      fill="currentColor"
      focusable={false}
      height="1em"
      stroke="currentColor"
      strokeWidth="0"
      style={
        Object {
          "color": undefined,
        }
      }
      viewBox="0 0 448 512"
      width="1em"
      xmlns="http://www.w3.org/2000/svg"
    >
      <path
        d="M416 208H32c-17.67 0-32 14.33-32 32v32c0 17.67 14.33 32 32 32h384c17.67 0 32-14.33 32-32v-32c0-17.67-14.33-32-32-32z"
      />
    </svg>
  </button>
</div>
`;
