// Jest Snapshot v1, https://goo.gl/fbAQLP

exports[`BaseLayerToggler matches snapshots using default properties. 1`] = `
<div
  className="rs-base-layer-switcher"
>
  <div
    aria-label="Source not found"
    className="rs-base-layer-switcher-button"
    onClick={[Function]}
    onKeyPress={[Function]}
    role="button"
    style={
      Object {
        "backgroundImage": "url(undefined)",
        "backgroundPosition": "center",
        "backgroundRepeat": "no-repeat",
        "backgroundSize": "cover",
      }
    }
    tabIndex="0"
    title="Open Baselayer-Switcher"
  >
    <div
      className="rs-base-layer-switcher-title rs-closed"
    >
      Base layers
    </div>
    <span
      className="rs-alt-text"
    >
      Source not found
    </span>
  </div>
</div>
`;
