// Jest Snapshot v1, https://goo.gl/fbAQLP

exports[`BaseLayerSwitcher matches snapshots using default properties. 1`] = `
<div
  className="rs-base-layer-switcher"
>
  <div
    aria-label="Open Baselayer-Switcher"
    className="rs-base-layer-switcher-button rs-opener"
    onClick={[Function]}
    onKeyPress={[Function]}
    role="button"
    style={null}
    tabIndex="0"
    title="Open Baselayer-Switcher"
  >
    <div
      className="rs-base-layer-switcher-title"
    >
      Base layers
    </div>
    <span
      className="rs-alt-text"
    >
      Source not found
    </span>
  </div>
  <div
    className="rs-base-layer-switcher-btn-wrapper"
    style={
      Object {
        "overflow": "hidden",
        "zIndex": 3,
      }
    }
  >
    <div
      aria-label="OSM Baselayer"
      className="rs-base-layer-switcher-button"
      onClick={[Function]}
      onKeyPress={[Function]}
      role="button"
      style={null}
      tabIndex="-1"
      title="OSM Baselayer"
    >
      <div
        className="rs-base-layer-switcher-title rs-active"
      >
        OSM Baselayer
      </div>
      <span
        className="rs-alt-text"
      >
        Source not found
      </span>
    </div>
  </div>
  <div
    className="rs-base-layer-switcher-btn-wrapper"
    style={
      Object {
        "overflow": "hidden",
        "zIndex": 2,
      }
    }
  >
    <div
      aria-label="OSM Baselayer Hot"
      className="rs-base-layer-switcher-button"
      onClick={[Function]}
      onKeyPress={[Function]}
      role="button"
      style={null}
      tabIndex="-1"
      title="OSM Baselayer Hot"
    >
      <div
        className="rs-base-layer-switcher-title"
      >
        OSM Baselayer Hot
      </div>
      <span
        className="rs-alt-text"
      >
        Source not found
      </span>
    </div>
  </div>
  <div
    className="rs-base-layer-switcher-btn-wrapper"
    style={
      Object {
        "overflow": "hidden",
        "zIndex": 1,
      }
    }
  >
    <div
      aria-label="OpenTopoMap"
      className="rs-base-layer-switcher-button"
      onClick={[Function]}
      onKeyPress={[Function]}
      role="button"
      style={null}
      tabIndex="-1"
      title="OpenTopoMap"
    >
      <div
        className="rs-base-layer-switcher-title"
      >
        OpenTopoMap
      </div>
      <span
        className="rs-alt-text"
      >
        Source not found
      </span>
    </div>
  </div>
  <div
    className="rs-base-layer-switcher-btn-wrapper"
  >
    <div
      aria-label="Close Baselayer-Switcher"
      className="rs-base-layer-switcher-close-btn"
      onClick={[Function]}
      onKeyPress={[Function]}
      role="button"
      tabIndex="-1"
      title="Close Baselayer-Switcher"
    >
      <svg
        fill="currentColor"
        height="1em"
        stroke="currentColor"
        strokeWidth="0"
        style={
          Object {
            "color": undefined,
          }
        }
        viewBox="0 0 320 512"
        width="1em"
        xmlns="http://www.w3.org/2000/svg"
      >
        <path
          d="M34.52 239.03L228.87 44.69c9.37-9.37 24.57-9.37 33.94 0l22.67 22.67c9.36 9.36 9.37 24.52.04 33.9L131.49 256l154.02 154.75c9.34 9.38 9.32 24.54-.04 33.9l-22.67 22.67c-9.37 9.37-24.57 9.37-33.94 0L34.52 272.97c-9.37-9.37-9.37-24.57 0-33.94z"
        />
      </svg>
    </div>
  </div>
</div>
`;
