// Jest Snapshot v1, https://goo.gl/fbAQLP

exports[`CanvasSaveButton should match snapshot. 1`] = `
<div
  aria-label="Karte als Bild speichern."
  className="tm-canvas-save-button"
  onClick={[Function]}
  onKeyPress={[Function]}
  role="button"
  tabIndex={0}
  title="Karte als Bild speichern."
>
  <svg
    baseProfile="tiny"
    fill="currentColor"
    focusable={false}
    height="1em"
    stroke="currentColor"
    strokeWidth="0"
    style={
      Object {
        "color": undefined,
      }
    }
    version="1.2"
    viewBox="0 0 24 24"
    width="1em"
    xmlns="http://www.w3.org/2000/svg"
  >
    <circle
      cx="8.5"
      cy="8.501"
      r="2.5"
    />
    <path
      d="M16 10c-2 0-3 3-4.5 3s-1.499-1-3.5-1c-2 0-3.001 4-3.001 4h14.001s-1-6-3-6zM20 3h-16c-1.103 0-2 .897-2 2v12c0 1.103.897 2 2 2h16c1.103 0 2-.897 2-2v-12c0-1.103-.897-2-2-2zm0 14h-16v-12h16v12z"
    />
  </svg>
</div>
`;
