// Jest Snapshot v1, https://goo.gl/fbAQLP

exports[`LayerTree matches snapshots using default properties. 1`] = `
<div
  className="tm-layer-tree"
>
  <div>
    <div
      className="tm-layer-tree-item"
      style={
        Object {
          "paddingLeft": "0px",
        }
      }
    >
      <label
        className="tm-layer-tree-input tm-layer-tree-input-radio tm-radio"
        onKeyPress={[Function]}
        tabIndex={0}
      >
        <input
          checked={true}
          onChange={[Function]}
          onClick={[Function]}
          tabIndex={-1}
          type="radio"
        />
        <span />
      </label>
      <div
        className="tm-layer-tree-toggle"
        onClick={[Function]}
        onKeyPress={[Function]}
        role="button"
        tabIndex={0}
      >
        <div>
          Vector sample layers
        </div>
        <div
          className="tm-layer-tree-arrow tm-layer-tree-arrow-expanded"
        />
      </div>
    </div>
    <div>
      <div
        className="tm-layer-tree-item"
        style={
          Object {
            "paddingLeft": "30px",
          }
        }
      >
        <label
          className="tm-layer-tree-input tm-layer-tree-input-radio tm-radio"
          onKeyPress={[Function]}
          tabIndex={-1}
        >
          <input
            checked={false}
            onChange={[Function]}
            onClick={[Function]}
            tabIndex={-1}
            type="radio"
          />
          <span />
        </label>
        <div
          className="tm-layer-tree-toggle"
          onClick={[Function]}
          onKeyPress={[Function]}
          role="button"
          tabIndex={0}
        >
          <div>
            Points Samples
          </div>
        </div>
      </div>
    </div>
    <div>
      <div
        className="tm-layer-tree-item"
        style={
          Object {
            "paddingLeft": "30px",
          }
        }
      >
        <label
          className="tm-layer-tree-input tm-layer-tree-input-radio tm-radio"
          onKeyPress={[Function]}
          tabIndex={-1}
        >
          <input
            checked={true}
            onChange={[Function]}
            onClick={[Function]}
            tabIndex={-1}
            type="radio"
          />
          <span />
        </label>
        <div
          className="tm-layer-tree-toggle"
          onClick={[Function]}
          onKeyPress={[Function]}
          role="button"
          tabIndex={0}
        >
          <div>
            Lines Samples
          </div>
        </div>
      </div>
    </div>
    <div>
      <div
        className="tm-layer-tree-item"
        style={
          Object {
            "paddingLeft": "30px",
          }
        }
      >
        <label
          className="tm-layer-tree-input tm-layer-tree-input-radio tm-radio"
          onKeyPress={[Function]}
          tabIndex={-1}
        >
          <input
            checked={false}
            onChange={[Function]}
            onClick={[Function]}
            tabIndex={-1}
            type="radio"
          />
          <span />
        </label>
        <div
          className="tm-layer-tree-toggle"
          onClick={[Function]}
          onKeyPress={[Function]}
          role="button"
          tabIndex={0}
        >
          <div>
            Polygons Samples
          </div>
        </div>
      </div>
    </div>
  </div>
  <div>
    <div
      className="tm-layer-tree-item"
      style={
        Object {
          "paddingLeft": "0px",
        }
      }
    >
      <label
        className="tm-layer-tree-input tm-layer-tree-input-checkbox tm-checkbox"
        onKeyPress={[Function]}
        tabIndex={0}
      >
        <input
          checked={true}
          onChange={[Function]}
          onClick={[Function]}
          tabIndex={-1}
          type="checkbox"
        />
        <span />
      </label>
      <div
        className="tm-layer-tree-toggle"
        onClick={[Function]}
        onKeyPress={[Function]}
        role="button"
        tabIndex={0}
      >
        <div>
          Others layers
        </div>
        <div
          className="tm-layer-tree-arrow tm-layer-tree-arrow-expanded"
        />
      </div>
    </div>
    <div>
      <div
        className="tm-layer-tree-item"
        style={
          Object {
            "paddingLeft": "30px",
          }
        }
      >
        <label
          className="tm-layer-tree-input tm-layer-tree-input-checkbox tm-checkbox"
          onKeyPress={[Function]}
          tabIndex={-1}
        >
          <input
            checked={false}
            onChange={[Function]}
            onClick={[Function]}
            tabIndex={-1}
            type="checkbox"
          />
          <span />
        </label>
        <div
          className="tm-layer-tree-toggle"
          onClick={[Function]}
          onKeyPress={[Function]}
          role="button"
          tabIndex={0}
        >
          <div>
            Countries Borders
          </div>
        </div>
      </div>
    </div>
    <div>
      <div
        className="tm-layer-tree-item"
        style={
          Object {
            "paddingLeft": "30px",
          }
        }
      >
        <label
          className="tm-layer-tree-input tm-layer-tree-input-checkbox tm-checkbox"
          onKeyPress={[Function]}
          tabIndex={-1}
        >
          <input
            checked={true}
            onChange={[Function]}
            onClick={[Function]}
            tabIndex={-1}
            type="checkbox"
          />
          <span />
        </label>
        <div
          className="tm-layer-tree-toggle"
          onClick={[Function]}
          onKeyPress={[Function]}
          role="button"
          tabIndex={0}
        >
          <div>
            USA Population Density
          </div>
        </div>
      </div>
    </div>
  </div>
  <div>
    <div
      className="tm-layer-tree-item"
      style={
        Object {
          "paddingLeft": "0px",
        }
      }
    >
      <label
        className="tm-layer-tree-input tm-layer-tree-input-checkbox tm-checkbox"
        onKeyPress={[Function]}
        tabIndex={-1}
      >
        <input
          checked={true}
          onChange={[Function]}
          onClick={[Function]}
          tabIndex={-1}
          type="checkbox"
        />
        <span />
      </label>
      <div
        className="tm-layer-tree-toggle"
        onClick={[Function]}
        onKeyPress={[Function]}
        role="button"
        tabIndex={0}
      >
        <div>
          OSM Baselayer
        </div>
      </div>
    </div>
  </div>
</div>
`;

exports[`LayerTree matches snapshots when an item is hidden. 1`] = `
<div
  className="tm-layer-tree"
>
  <div>
    <div
      className="tm-layer-tree-item"
      style={
        Object {
          "paddingLeft": "0px",
        }
      }
    >
      <label
        className="tm-layer-tree-input tm-layer-tree-input-checkbox tm-checkbox"
        onKeyPress={[Function]}
        tabIndex={-1}
      >
        <input
          checked={true}
          onChange={[Function]}
          onClick={[Function]}
          tabIndex={-1}
          type="checkbox"
        />
        <span />
      </label>
      <div
        className="tm-layer-tree-toggle"
        onClick={[Function]}
        onKeyPress={[Function]}
        role="button"
        tabIndex={0}
      >
        <div>
          OSM Baselayer
        </div>
      </div>
    </div>
  </div>
</div>
`;

exports[`LayerTree matches snapshots when classNames are used. 1`] = `
<div
  className="foo"
>
  <div>
    <div
      className="bar"
      style={
        Object {
          "paddingLeft": "0px",
        }
      }
    >
      <label
        className="qux qux-radio tm-radio"
        onKeyPress={[Function]}
        tabIndex={0}
      >
        <input
          checked={true}
          onChange={[Function]}
          onClick={[Function]}
          tabIndex={-1}
          type="radio"
        />
        <span />
      </label>
      <div
        className="quux"
        onClick={[Function]}
        onKeyPress={[Function]}
        role="button"
        tabIndex={0}
      >
        <div>
          Vector sample layers
        </div>
        <div
          className="ged ged-expanded"
        />
      </div>
    </div>
    <div>
      <div
        className="bar"
        style={
          Object {
            "paddingLeft": "30px",
          }
        }
      >
        <label
          className="qux qux-radio tm-radio"
          onKeyPress={[Function]}
          tabIndex={-1}
        >
          <input
            checked={false}
            onChange={[Function]}
            onClick={[Function]}
            tabIndex={-1}
            type="radio"
          />
          <span />
        </label>
        <div
          className="quux"
          onClick={[Function]}
          onKeyPress={[Function]}
          role="button"
          tabIndex={0}
        >
          <div>
            Points Samples
          </div>
        </div>
      </div>
    </div>
    <div>
      <div
        className="bar"
        style={
          Object {
            "paddingLeft": "30px",
          }
        }
      >
        <label
          className="qux qux-radio tm-radio"
          onKeyPress={[Function]}
          tabIndex={-1}
        >
          <input
            checked={true}
            onChange={[Function]}
            onClick={[Function]}
            tabIndex={-1}
            type="radio"
          />
          <span />
        </label>
        <div
          className="quux"
          onClick={[Function]}
          onKeyPress={[Function]}
          role="button"
          tabIndex={0}
        >
          <div>
            Lines Samples
          </div>
        </div>
      </div>
    </div>
    <div>
      <div
        className="bar"
        style={
          Object {
            "paddingLeft": "30px",
          }
        }
      >
        <label
          className="qux qux-radio tm-radio"
          onKeyPress={[Function]}
          tabIndex={-1}
        >
          <input
            checked={false}
            onChange={[Function]}
            onClick={[Function]}
            tabIndex={-1}
            type="radio"
          />
          <span />
        </label>
        <div
          className="quux"
          onClick={[Function]}
          onKeyPress={[Function]}
          role="button"
          tabIndex={0}
        >
          <div>
            Polygons Samples
          </div>
        </div>
      </div>
    </div>
  </div>
  <div>
    <div
      className="bar"
      style={
        Object {
          "paddingLeft": "0px",
        }
      }
    >
      <label
        className="qux qux-checkbox tm-checkbox"
        onKeyPress={[Function]}
        tabIndex={0}
      >
        <input
          checked={true}
          onChange={[Function]}
          onClick={[Function]}
          tabIndex={-1}
          type="checkbox"
        />
        <span />
      </label>
      <div
        className="quux"
        onClick={[Function]}
        onKeyPress={[Function]}
        role="button"
        tabIndex={0}
      >
        <div>
          Others layers
        </div>
        <div
          className="ged ged-expanded"
        />
      </div>
    </div>
    <div>
      <div
        className="bar"
        style={
          Object {
            "paddingLeft": "30px",
          }
        }
      >
        <label
          className="qux qux-checkbox tm-checkbox"
          onKeyPress={[Function]}
          tabIndex={-1}
        >
          <input
            checked={false}
            onChange={[Function]}
            onClick={[Function]}
            tabIndex={-1}
            type="checkbox"
          />
          <span />
        </label>
        <div
          className="quux"
          onClick={[Function]}
          onKeyPress={[Function]}
          role="button"
          tabIndex={0}
        >
          <div>
            Countries Borders
          </div>
        </div>
      </div>
    </div>
    <div>
      <div
        className="bar"
        style={
          Object {
            "paddingLeft": "30px",
          }
        }
      >
        <label
          className="qux qux-checkbox tm-checkbox"
          onKeyPress={[Function]}
          tabIndex={-1}
        >
          <input
            checked={true}
            onChange={[Function]}
            onClick={[Function]}
            tabIndex={-1}
            type="checkbox"
          />
          <span />
        </label>
        <div
          className="quux"
          onClick={[Function]}
          onKeyPress={[Function]}
          role="button"
          tabIndex={0}
        >
          <div>
            USA Population Density
          </div>
        </div>
      </div>
    </div>
  </div>
  <div>
    <div
      className="bar"
      style={
        Object {
          "paddingLeft": "0px",
        }
      }
    >
      <label
        className="qux qux-checkbox tm-checkbox"
        onKeyPress={[Function]}
        tabIndex={-1}
      >
        <input
          checked={true}
          onChange={[Function]}
          onClick={[Function]}
          tabIndex={-1}
          type="checkbox"
        />
        <span />
      </label>
      <div
        className="quux"
        onClick={[Function]}
        onKeyPress={[Function]}
        role="button"
        tabIndex={0}
      >
        <div>
          OSM Baselayer
        </div>
      </div>
    </div>
  </div>
</div>
`;

exports[`LayerTree matches snapshots when no layers. 1`] = `
<div
  className="tm-layer-tree"
/>
`;

exports[`LayerTree matches snapshots when renderItem is used. 1`] = `
<div
  className="tm-layer-tree"
>
  <div>
    Vector sample layers
  </div>
  <div>
    Others layers
  </div>
  <div>
    OSM Baselayer
  </div>
</div>
`;
